--------------------------------------------------------------------------------------
Timing Analyzer Summary
--------------------------------------------------------------------------------------

Type           : Worst-case tsu
Slack          : N/A
Required Time  : None
Actual Time    : 1.615 ns
From           : seletor
To             : data_memory:data_memory01|altsyncram:altsyncram_component|altsyncram_tth1:auto_generated|ram_block1a0~porta_address_reg3
From Clock     : --
To Clock       : clk
Failed Paths   : 0

Type           : Worst-case tco
Slack          : N/A
Required Time  : None
Actual Time    : 9.412 ns
From           : lcd_mem_read:lcd_mem_read_u0|LCD_Read_FSM:LCD_Read_FSM_u0|mLCD_DATA[3]
To             : lcd_data_out[3]
From Clock     : clk
To Clock       : --
Failed Paths   : 0

Type           : Worst-case tpd
Slack          : N/A
Required Time  : None
Actual Time    : 9.359 ns
From           : read_in
To             : data_mem_rd_en_out
From Clock     : --
To Clock       : --
Failed Paths   : 0

Type           : Worst-case th
Slack          : N/A
Required Time  : None
Actual Time    : -0.752 ns
From           : seletor
To             : data_memory:data_memory01|altsyncram:altsyncram_component|altsyncram_tth1:auto_generated|ram_block1a10~porta_address_reg0
From Clock     : --
To Clock       : clk
Failed Paths   : 0

Type           : Clock Setup: 'clk'
Slack          : N/A
Required Time  : None
Actual Time    : 3.78 MHz ( period = 264.886 ns )
From           : instruction_memory:instruction_memory01|altsyncram:altsyncram_component|altsyncram_lea1:auto_generated|q_a[30]
To             : alu:alu01|result[5]
From Clock     : clk
To Clock       : clk
Failed Paths   : 0

Type           : Clock Setup: 'read_in'
Slack          : N/A
Required Time  : None
Actual Time    : Restricted to 450.05 MHz ( period = 2.222 ns )
From           : lcd_mem_read:lcd_mem_read_u0|addr_counter[1]
To             : lcd_mem_read:lcd_mem_read_u0|addr_counter[7]
From Clock     : read_in
To Clock       : read_in
Failed Paths   : 0

Type           : Clock Hold: 'clk'
Slack          : Not operational: Clock Skew > Data Delay
Required Time  : None
Actual Time    : N/A
From           : program_counter:pc01|read_adress_out[0]
To             : mux3_18:branch_mux|out[0]
From Clock     : clk
To Clock       : clk
Failed Paths   : 8348

Type           : Total number of failed paths
Slack          : 
Required Time  : 
Actual Time    : 
From           : 
To             : 
From Clock     : 
To Clock       : 
Failed Paths   : 8348

--------------------------------------------------------------------------------------

