Analysis & Synthesis report for musa
Wed Dec 17 22:07:56 2014
Quartus II 32-bit Version 13.1.0 Build 162 10/23/2013 SJ Web Edition


---------------------
; Table of Contents ;
---------------------
  1. Legal Notice
  2. Analysis & Synthesis Summary
  3. Analysis & Synthesis Settings
  4. Parallel Compilation
  5. Analysis & Synthesis Messages
  6. Analysis & Synthesis Suppressed Messages



----------------
; Legal Notice ;
----------------
Copyright (C) 1991-2013 Altera Corporation
Your use of Altera Corporation's design tools, logic functions 
and other software and tools, and its AMPP partner logic 
functions, and any output files from any of the foregoing 
(including device programming or simulation files), and any 
associated documentation or information are expressly subject 
to the terms and conditions of the Altera Program License 
Subscription Agreement, Altera MegaCore Function License 
Agreement, or other applicable license agreement, including, 
without limitation, that your use is for the sole purpose of 
programming logic devices manufactured by Altera and sold by 
Altera or its authorized distributors.  Please refer to the 
applicable agreement for further details.



+---------------------------------------------------------------------------------+
; Analysis & Synthesis Summary                                                    ;
+------------------------------------+--------------------------------------------+
; Analysis & Synthesis Status        ; Failed - Wed Dec 17 22:07:56 2014          ;
; Quartus II 32-bit Version          ; 13.1.0 Build 162 10/23/2013 SJ Web Edition ;
; Revision Name                      ; musa                                       ;
; Top-level Entity Name              ; musa                                       ;
; Family                             ; Cyclone III                                ;
; Total logic elements               ; N/A until Partition Merge                  ;
;     Total combinational functions  ; N/A until Partition Merge                  ;
;     Dedicated logic registers      ; N/A until Partition Merge                  ;
; Total registers                    ; N/A until Partition Merge                  ;
; Total pins                         ; N/A until Partition Merge                  ;
; Total virtual pins                 ; N/A until Partition Merge                  ;
; Total memory bits                  ; N/A until Partition Merge                  ;
; Embedded Multiplier 9-bit elements ; N/A until Partition Merge                  ;
; Total PLLs                         ; N/A until Partition Merge                  ;
+------------------------------------+--------------------------------------------+


+----------------------------------------------------------------------------------------------------------------------+
; Analysis & Synthesis Settings                                                                                        ;
+----------------------------------------------------------------------------+--------------------+--------------------+
; Option                                                                     ; Setting            ; Default Value      ;
+----------------------------------------------------------------------------+--------------------+--------------------+
; Device                                                                     ; EP3C25F324I7       ;                    ;
; Top-level entity name                                                      ; musa               ; musa               ;
; Family name                                                                ; Cyclone III        ; Cyclone IV GX      ;
; Use smart compilation                                                      ; Off                ; Off                ;
; Enable parallel Assembler and TimeQuest Timing Analyzer during compilation ; On                 ; On                 ;
; Enable compact report table                                                ; Off                ; Off                ;
; Restructure Multiplexers                                                   ; Auto               ; Auto               ;
; Create Debugging Nodes for IP Cores                                        ; Off                ; Off                ;
; Preserve fewer node names                                                  ; On                 ; On                 ;
; Disable OpenCore Plus hardware evaluation                                  ; Off                ; Off                ;
; Verilog Version                                                            ; Verilog_2001       ; Verilog_2001       ;
; VHDL Version                                                               ; VHDL_1993          ; VHDL_1993          ;
; State Machine Processing                                                   ; Auto               ; Auto               ;
; Safe State Machine                                                         ; Off                ; Off                ;
; Extract Verilog State Machines                                             ; On                 ; On                 ;
; Extract VHDL State Machines                                                ; On                 ; On                 ;
; Ignore Verilog initial constructs                                          ; Off                ; Off                ;
; Iteration limit for constant Verilog loops                                 ; 5000               ; 5000               ;
; Iteration limit for non-constant Verilog loops                             ; 250                ; 250                ;
; Add Pass-Through Logic to Inferred RAMs                                    ; On                 ; On                 ;
; Infer RAMs from Raw Logic                                                  ; On                 ; On                 ;
; Parallel Synthesis                                                         ; On                 ; On                 ;
; DSP Block Balancing                                                        ; Auto               ; Auto               ;
; NOT Gate Push-Back                                                         ; On                 ; On                 ;
; Power-Up Don't Care                                                        ; On                 ; On                 ;
; Remove Redundant Logic Cells                                               ; Off                ; Off                ;
; Remove Duplicate Registers                                                 ; On                 ; On                 ;
; Ignore CARRY Buffers                                                       ; Off                ; Off                ;
; Ignore CASCADE Buffers                                                     ; Off                ; Off                ;
; Ignore GLOBAL Buffers                                                      ; Off                ; Off                ;
; Ignore ROW GLOBAL Buffers                                                  ; Off                ; Off                ;
; Ignore LCELL Buffers                                                       ; Off                ; Off                ;
; Ignore SOFT Buffers                                                        ; On                 ; On                 ;
; Limit AHDL Integers to 32 Bits                                             ; Off                ; Off                ;
; Optimization Technique                                                     ; Balanced           ; Balanced           ;
; Carry Chain Length                                                         ; 70                 ; 70                 ;
; Auto Carry Chains                                                          ; On                 ; On                 ;
; Auto Open-Drain Pins                                                       ; On                 ; On                 ;
; Perform WYSIWYG Primitive Resynthesis                                      ; Off                ; Off                ;
; Auto ROM Replacement                                                       ; On                 ; On                 ;
; Auto RAM Replacement                                                       ; On                 ; On                 ;
; Auto DSP Block Replacement                                                 ; On                 ; On                 ;
; Auto Shift Register Replacement                                            ; Auto               ; Auto               ;
; Allow Shift Register Merging across Hierarchies                            ; Auto               ; Auto               ;
; Auto Clock Enable Replacement                                              ; On                 ; On                 ;
; Strict RAM Replacement                                                     ; Off                ; Off                ;
; Allow Synchronous Control Signals                                          ; On                 ; On                 ;
; Force Use of Synchronous Clear Signals                                     ; Off                ; Off                ;
; Auto RAM Block Balancing                                                   ; On                 ; On                 ;
; Auto RAM to Logic Cell Conversion                                          ; Off                ; Off                ;
; Auto Resource Sharing                                                      ; Off                ; Off                ;
; Allow Any RAM Size For Recognition                                         ; Off                ; Off                ;
; Allow Any ROM Size For Recognition                                         ; Off                ; Off                ;
; Allow Any Shift Register Size For Recognition                              ; Off                ; Off                ;
; Use LogicLock Constraints during Resource Balancing                        ; On                 ; On                 ;
; Ignore translate_off and synthesis_off directives                          ; Off                ; Off                ;
; Timing-Driven Synthesis                                                    ; On                 ; On                 ;
; Report Parameter Settings                                                  ; On                 ; On                 ;
; Report Source Assignments                                                  ; On                 ; On                 ;
; Report Connectivity Checks                                                 ; On                 ; On                 ;
; Ignore Maximum Fan-Out Assignments                                         ; Off                ; Off                ;
; Synchronization Register Chain Length                                      ; 2                  ; 2                  ;
; PowerPlay Power Optimization                                               ; Normal compilation ; Normal compilation ;
; HDL message level                                                          ; Level2             ; Level2             ;
; Suppress Register Optimization Related Messages                            ; Off                ; Off                ;
; Number of Removed Registers Reported in Synthesis Report                   ; 5000               ; 5000               ;
; Number of Swept Nodes Reported in Synthesis Report                         ; 5000               ; 5000               ;
; Number of Inverted Registers Reported in Synthesis Report                  ; 100                ; 100                ;
; Clock MUX Protection                                                       ; On                 ; On                 ;
; Auto Gated Clock Conversion                                                ; Off                ; Off                ;
; Block Design Naming                                                        ; Auto               ; Auto               ;
; SDC constraint protection                                                  ; Off                ; Off                ;
; Synthesis Effort                                                           ; Auto               ; Auto               ;
; Shift Register Replacement - Allow Asynchronous Clear Signal               ; On                 ; On                 ;
; Pre-Mapping Resynthesis Optimization                                       ; Off                ; Off                ;
; Analysis & Synthesis Message Level                                         ; Medium             ; Medium             ;
; Disable Register Merging Across Hierarchies                                ; Auto               ; Auto               ;
; Resource Aware Inference For Block RAM                                     ; On                 ; On                 ;
; Synthesis Seed                                                             ; 1                  ; 1                  ;
+----------------------------------------------------------------------------+--------------------+--------------------+


+------------------------------------------+
; Parallel Compilation                     ;
+----------------------------+-------------+
; Processors                 ; Number      ;
+----------------------------+-------------+
; Number detected on machine ; 4           ;
; Maximum allowed            ; 2           ;
;                            ;             ;
; Average used               ; 1.00        ;
; Maximum used               ; 1           ;
;                            ;             ;
; Usage by Processor         ; % Time Used ;
;     Processor 1            ; 100.0%      ;
;     Processors 2-4         ;   0.0%      ;
+----------------------------+-------------+


+-------------------------------+
; Analysis & Synthesis Messages ;
+-------------------------------+
Info: *******************************************************************
Info: Running Quartus II 32-bit Analysis & Synthesis
    Info: Version 13.1.0 Build 162 10/23/2013 SJ Web Edition
    Info: Processing started: Wed Dec 17 22:07:52 2014
Info: Command: quartus_map --read_settings_files=on --write_settings_files=off core-musa -c musa
Info (11104): Parallel Compilation has detected 4 hyper-threaded processors. However, the extra hyper-threaded processors will not be used by default. Parallel Compilation will use 2 of the 2 physical processors detected instead.
Warning (12019): Can't analyze file -- file somador_jpc.v is missing
Info (12021): Found 1 design units, including 1 entities, in source file control_unit_microprogramed.v
    Info (12023): Found entity 1: control_unit_microprogramed
Info (12021): Found 1 design units, including 1 entities, in source file musa.v
    Info (12023): Found entity 1: musa
Warning (12019): Can't analyze file -- file data_memory.v is missing
Warning (12019): Can't analyze file -- file instruction_memory.v is missing
Info (12021): Found 1 design units, including 1 entities, in source file stack.v
    Info (12023): Found entity 1: stack
Info (12021): Found 1 design units, including 1 entities, in source file alu.v
    Info (12023): Found entity 1: alu
Info (12021): Found 1 design units, including 1 entities, in source file registers_bank.v
    Info (12023): Found entity 1: registers_bank
Warning (12019): Can't analyze file -- file instruction_memory.vhd is missing
Warning (10236): Verilog HDL Implicit Net warning at musa.v(70): created implicit net for "w_reg_control"
Info (12127): Elaborating entity "musa" for the top level hierarchy
Warning (10858): Verilog HDL warning at musa.v(21): object flag_reg used but never assigned
Warning (10230): Verilog HDL assignment warning at musa.v(35): truncated value with size 19 to match size of target (18)
Warning (10030): Net "flag_reg" at musa.v(21) has no driver or initial value, using a default initial value '0'
Info (12128): Elaborating entity "control_unit_microprogramed" for hierarchy "control_unit_microprogramed:cum01"
Warning (10240): Verilog HDL Always Construct warning at control_unit_microprogramed.v(27): inferring latch(es) for variable "read_reg", which holds its previous value in one or more paths through the always construct
Warning (10240): Verilog HDL Always Construct warning at control_unit_microprogramed.v(27): inferring latch(es) for variable "write_reg", which holds its previous value in one or more paths through the always construct
Warning (10240): Verilog HDL Always Construct warning at control_unit_microprogramed.v(27): inferring latch(es) for variable "read_data", which holds its previous value in one or more paths through the always construct
Warning (10240): Verilog HDL Always Construct warning at control_unit_microprogramed.v(27): inferring latch(es) for variable "write_data", which holds its previous value in one or more paths through the always construct
Warning (10240): Verilog HDL Always Construct warning at control_unit_microprogramed.v(27): inferring latch(es) for variable "immediat", which holds its previous value in one or more paths through the always construct
Warning (10240): Verilog HDL Always Construct warning at control_unit_microprogramed.v(27): inferring latch(es) for variable "fnction", which holds its previous value in one or more paths through the always construct
Warning (10240): Verilog HDL Always Construct warning at control_unit_microprogramed.v(27): inferring latch(es) for variable "control_function", which holds its previous value in one or more paths through the always construct
Warning (10240): Verilog HDL Always Construct warning at control_unit_microprogramed.v(27): inferring latch(es) for variable "control_alu_data", which holds its previous value in one or more paths through the always construct
Warning (10240): Verilog HDL Always Construct warning at control_unit_microprogramed.v(27): inferring latch(es) for variable "branch", which holds its previous value in one or more paths through the always construct
Warning (10240): Verilog HDL Always Construct warning at control_unit_microprogramed.v(27): inferring latch(es) for variable "rtrn", which holds its previous value in one or more paths through the always construct
Warning (10240): Verilog HDL Always Construct warning at control_unit_microprogramed.v(27): inferring latch(es) for variable "pop", which holds its previous value in one or more paths through the always construct
Warning (10240): Verilog HDL Always Construct warning at control_unit_microprogramed.v(27): inferring latch(es) for variable "push", which holds its previous value in one or more paths through the always construct
Warning (10240): Verilog HDL Always Construct warning at control_unit_microprogramed.v(27): inferring latch(es) for variable "add_pc", which holds its previous value in one or more paths through the always construct
Warning (10240): Verilog HDL Always Construct warning at control_unit_microprogramed.v(27): inferring latch(es) for variable "reg_control", which holds its previous value in one or more paths through the always construct
Warning (10240): Verilog HDL Always Construct warning at control_unit_microprogramed.v(27): inferring latch(es) for variable "brfl_control", which holds its previous value in one or more paths through the always construct
Info (10041): Inferred latch for "brfl_control" at control_unit_microprogramed.v(27)
Info (10041): Inferred latch for "reg_control" at control_unit_microprogramed.v(27)
Info (10041): Inferred latch for "add_pc" at control_unit_microprogramed.v(27)
Info (10041): Inferred latch for "push" at control_unit_microprogramed.v(27)
Info (10041): Inferred latch for "pop" at control_unit_microprogramed.v(27)
Info (10041): Inferred latch for "rtrn" at control_unit_microprogramed.v(27)
Info (10041): Inferred latch for "branch[0]" at control_unit_microprogramed.v(27)
Info (10041): Inferred latch for "branch[1]" at control_unit_microprogramed.v(27)
Info (10041): Inferred latch for "branch[2]" at control_unit_microprogramed.v(27)
Info (10041): Inferred latch for "control_alu_data" at control_unit_microprogramed.v(27)
Info (10041): Inferred latch for "control_function" at control_unit_microprogramed.v(27)
Info (10041): Inferred latch for "fnction[0]" at control_unit_microprogramed.v(27)
Info (10041): Inferred latch for "fnction[1]" at control_unit_microprogramed.v(27)
Info (10041): Inferred latch for "fnction[2]" at control_unit_microprogramed.v(27)
Info (10041): Inferred latch for "fnction[3]" at control_unit_microprogramed.v(27)
Info (10041): Inferred latch for "fnction[4]" at control_unit_microprogramed.v(27)
Info (10041): Inferred latch for "fnction[5]" at control_unit_microprogramed.v(27)
Info (10041): Inferred latch for "immediat" at control_unit_microprogramed.v(27)
Info (10041): Inferred latch for "write_data" at control_unit_microprogramed.v(27)
Info (10041): Inferred latch for "read_data" at control_unit_microprogramed.v(27)
Info (10041): Inferred latch for "write_reg" at control_unit_microprogramed.v(27)
Info (10041): Inferred latch for "read_reg" at control_unit_microprogramed.v(27)
Error (10028): Can't resolve multiple constant drivers for net "read_reg" at control_unit_microprogramed.v(325) File: C:/Users/Matheus/Documents/t02-core-musa/rtl/control_unit_microprogramed.v Line: 325
Error (10029): Constant driver at control_unit_microprogramed.v(27) File: C:/Users/Matheus/Documents/t02-core-musa/rtl/control_unit_microprogramed.v Line: 27
Error (10028): Can't resolve multiple constant drivers for net "write_reg" at control_unit_microprogramed.v(325) File: C:/Users/Matheus/Documents/t02-core-musa/rtl/control_unit_microprogramed.v Line: 325
Error (10028): Can't resolve multiple constant drivers for net "read_data" at control_unit_microprogramed.v(325) File: C:/Users/Matheus/Documents/t02-core-musa/rtl/control_unit_microprogramed.v Line: 325
Error (10028): Can't resolve multiple constant drivers for net "write_data" at control_unit_microprogramed.v(325) File: C:/Users/Matheus/Documents/t02-core-musa/rtl/control_unit_microprogramed.v Line: 325
Error (10028): Can't resolve multiple constant drivers for net "immediat" at control_unit_microprogramed.v(325) File: C:/Users/Matheus/Documents/t02-core-musa/rtl/control_unit_microprogramed.v Line: 325
Error (10028): Can't resolve multiple constant drivers for net "control_function" at control_unit_microprogramed.v(325) File: C:/Users/Matheus/Documents/t02-core-musa/rtl/control_unit_microprogramed.v Line: 325
Error (10028): Can't resolve multiple constant drivers for net "control_alu_data" at control_unit_microprogramed.v(325) File: C:/Users/Matheus/Documents/t02-core-musa/rtl/control_unit_microprogramed.v Line: 325
Error (10028): Can't resolve multiple constant drivers for net "rtrn" at control_unit_microprogramed.v(325) File: C:/Users/Matheus/Documents/t02-core-musa/rtl/control_unit_microprogramed.v Line: 325
Error (10028): Can't resolve multiple constant drivers for net "pop" at control_unit_microprogramed.v(325) File: C:/Users/Matheus/Documents/t02-core-musa/rtl/control_unit_microprogramed.v Line: 325
Error (10028): Can't resolve multiple constant drivers for net "push" at control_unit_microprogramed.v(325) File: C:/Users/Matheus/Documents/t02-core-musa/rtl/control_unit_microprogramed.v Line: 325
Error (10028): Can't resolve multiple constant drivers for net "write_pc" at control_unit_microprogramed.v(325) File: C:/Users/Matheus/Documents/t02-core-musa/rtl/control_unit_microprogramed.v Line: 325
Error (10029): Constant driver at control_unit_microprogramed.v(309) File: C:/Users/Matheus/Documents/t02-core-musa/rtl/control_unit_microprogramed.v Line: 309
Error (10028): Can't resolve multiple constant drivers for net "brfl_control" at control_unit_microprogramed.v(325) File: C:/Users/Matheus/Documents/t02-core-musa/rtl/control_unit_microprogramed.v Line: 325
Error (10028): Can't resolve multiple constant drivers for net "add_pc" at control_unit_microprogramed.v(325) File: C:/Users/Matheus/Documents/t02-core-musa/rtl/control_unit_microprogramed.v Line: 325
Error (10028): Can't resolve multiple constant drivers for net "reg_control" at control_unit_microprogramed.v(325) File: C:/Users/Matheus/Documents/t02-core-musa/rtl/control_unit_microprogramed.v Line: 325
Error (10028): Can't resolve multiple constant drivers for net "branch[2]" at control_unit_microprogramed.v(325) File: C:/Users/Matheus/Documents/t02-core-musa/rtl/control_unit_microprogramed.v Line: 325
Error (10028): Can't resolve multiple constant drivers for net "branch[1]" at control_unit_microprogramed.v(325) File: C:/Users/Matheus/Documents/t02-core-musa/rtl/control_unit_microprogramed.v Line: 325
Error (10028): Can't resolve multiple constant drivers for net "branch[0]" at control_unit_microprogramed.v(325) File: C:/Users/Matheus/Documents/t02-core-musa/rtl/control_unit_microprogramed.v Line: 325
Error (12152): Can't elaborate user hierarchy "control_unit_microprogramed:cum01" File: C:/Users/Matheus/Documents/t02-core-musa/rtl/musa.v Line: 73
Info (144001): Generated suppressed messages file C:/Users/Matheus/Documents/t02-core-musa/rtl/output_files/musa.map.smsg
Error: Quartus II 32-bit Analysis & Synthesis was unsuccessful. 20 errors, 23 warnings
    Error: Peak virtual memory: 362 megabytes
    Error: Processing ended: Wed Dec 17 22:07:57 2014
    Error: Elapsed time: 00:00:05
    Error: Total CPU time (on all processors): 00:00:03


+------------------------------------------+
; Analysis & Synthesis Suppressed Messages ;
+------------------------------------------+
The suppressed messages can be found in C:/Users/Matheus/Documents/t02-core-musa/rtl/output_files/musa.map.smsg.


